#! /c/Source/iverilog-install/bin/vvp
:ivl_version "12.0 (devel)" "(s20150603-1539-g2693dd32b)";
:ivl_delay_selection "TYPICAL";
:vpi_time_precision - 12;
S_00000180eeb6fad0 .scope module, "tb_queue_manager" "tb_queue_manager" 2 16;
 .timescale -9 -12;
v00000180eec4e2f0_0 .var "clk", 0 0;
v00000180eec4f790_0 .var "deq_data", 511 0;
v00000180eec4e570_0 .var "deq_last", 0 0;
v00000180eec4e610_0 .var "deq_queue_id", 1 0;
v00000180eec4e6b0_0 .var "deq_request", 0 0;
v00000180eec4e750_0 .net "m_axis_tdata", 511 0, v00000180eec4fd30_0;  1 drivers
v00000180eec4f830_0 .net "m_axis_tkeep", 63 0, v00000180eec4ef70_0;  1 drivers
v00000180eec4f8d0_0 .net "m_axis_tlast", 0 0, v00000180eec4fb50_0;  1 drivers
v00000180eebbbaf0_0 .var "m_axis_tready", 0 0;
v00000180eec518e0_0 .net "m_axis_tuser", 127 0, v00000180eec4f0b0_0;  1 drivers
v00000180eec51b60_0 .net "m_axis_tvalid", 0 0, v00000180eec4fdd0_0;  1 drivers
v00000180eec51e80_0 .net "queue_empty", 3 0, L_00000180eec517a0;  1 drivers
v00000180eec51340_0 .net "queue_fill_levels", 31 0, L_00000180eec9a280;  1 drivers
v00000180eec50260_0 .net "queue_full", 3 0, L_00000180eec50800;  1 drivers
v00000180eec51660_0 .var "rst_n", 0 0;
v00000180eec51700_0 .var "s_axis_tdata", 511 0;
v00000180eec51980_0 .var "s_axis_tkeep", 63 0;
v00000180eec51a20_0 .var "s_axis_tlast", 0 0;
v00000180eec51c00_0 .net "s_axis_tready", 0 0, L_00000180eec9bea0;  1 drivers
v00000180eec503a0_0 .var "s_axis_tuser", 127 0;
v00000180eec51ac0_0 .var "s_axis_tvalid", 0 0;
v00000180eec51160_0 .var/i "test_num", 31 0;
v00000180eec50c60_0 .var/i "tests_failed", 31 0;
v00000180eec51de0_0 .var/i "tests_passed", 31 0;
S_00000180eeb6fd90 .scope task, "check" "check" 2 138, 2 138 0, S_00000180eeb6fad0;
 .timescale -9 -12;
v00000180eebbd210_0 .var "actual", 31 0;
v00000180eebbd0d0_0 .var "expected", 31 0;
v00000180eebbb4b0_0 .var "name", 255 0;
TD_tb_queue_manager.check ;
    %load/vec4 v00000180eebbd210_0;
    %load/vec4 v00000180eebbd0d0_0;
    %cmp/e;
    %jmp/0xz  T_0.0, 6;
    %load/vec4 v00000180eec51de0_0;
    %addi 1, 0, 32;
    %store/vec4 v00000180eec51de0_0, 0, 32;
    %jmp T_0.1;
T_0.0 ;
    %vpi_call 2 146 "$display", "  FAIL: %0s = 0x%0h, expected 0x%0h", v00000180eebbb4b0_0, v00000180eebbd210_0, v00000180eebbd0d0_0 {0 0 0};
    %load/vec4 v00000180eec50c60_0;
    %addi 1, 0, 32;
    %store/vec4 v00000180eec50c60_0, 0, 32;
T_0.1 ;
    %end;
S_00000180eebde300 .scope task, "dequeue_packet" "dequeue_packet" 2 117, 2 117 0, S_00000180eeb6fad0;
 .timescale -9 -12;
v00000180eebbb550_0 .var "deq_data", 511 0;
v00000180eebbb5f0_0 .var "deq_last", 0 0;
v00000180eebbc9f0_0 .var "qid", 1 0;
E_00000180eebc4b50 .event posedge, v00000180eec4f150_0;
TD_tb_queue_manager.dequeue_packet ;
    %wait E_00000180eebc4b50;
    %pushi/vec4 1, 0, 1;
    %assign/vec4 v00000180eec4e6b0_0, 0;
    %load/vec4 v00000180eebbc9f0_0;
    %assign/vec4 v00000180eec4e610_0, 0;
    %wait E_00000180eebc4b50;
    %pushi/vec4 0, 0, 1;
    %assign/vec4 v00000180eec4e6b0_0, 0;
T_1.2 ;
    %load/vec4 v00000180eec51b60_0;
    %nor/r;
    %flag_set/vec4 8;
    %jmp/0xz T_1.3, 8;
    %wait E_00000180eebc4b50;
    %jmp T_1.2;
T_1.3 ;
    %load/vec4 v00000180eec4e750_0;
    %store/vec4 v00000180eebbb550_0, 0, 512;
    %load/vec4 v00000180eec4f8d0_0;
    %store/vec4 v00000180eebbb5f0_0, 0, 1;
    %wait E_00000180eebc4b50;
    %wait E_00000180eebc4b50;
    %end;
S_00000180eebdb1b0 .scope task, "enqueue_packet" "enqueue_packet" 2 97, 2 97 0, S_00000180eeb6fad0;
 .timescale -9 -12;
v00000180eebbca90_0 .var "data_pattern", 511 0;
v00000180eebbbb90_0 .var "slice_id", 3 0;
TD_tb_queue_manager.enqueue_packet ;
    %wait E_00000180eebc4b50;
    %load/vec4 v00000180eebbca90_0;
    %assign/vec4 v00000180eec51700_0, 0;
    %pushi/vec4 4294967295, 0, 32;
    %concati/vec4 4294967295, 0, 32;
    %assign/vec4 v00000180eec51980_0, 0;
    %load/vec4 v00000180eebbbb90_0;
    %store/vec4 v00000180eebbb690_0, 0, 4;
    %callf/vec4 TD_tb_queue_manager.make_tuser_with_slice, S_00000180eebcdae0;
    %assign/vec4 v00000180eec503a0_0, 0;
    %pushi/vec4 1, 0, 1;
    %assign/vec4 v00000180eec51ac0_0, 0;
    %pushi/vec4 1, 0, 1;
    %assign/vec4 v00000180eec51a20_0, 0;
    %wait E_00000180eebc4b50;
T_2.4 ;
    %load/vec4 v00000180eec51c00_0;
    %nor/r;
    %flag_set/vec4 8;
    %jmp/0xz T_2.5, 8;
    %wait E_00000180eebc4b50;
    %jmp T_2.4;
T_2.5 ;
    %pushi/vec4 0, 0, 1;
    %assign/vec4 v00000180eec51ac0_0, 0;
    %pushi/vec4 0, 0, 1;
    %assign/vec4 v00000180eec51a20_0, 0;
    %wait E_00000180eebc4b50;
    %end;
S_00000180eebcdae0 .scope function.vec4.s128, "make_tuser_with_slice" "make_tuser_with_slice" 2 87, 2 87 0, S_00000180eeb6fad0;
 .timescale -9 -12;
; Variable make_tuser_with_slice is vec4 return value of scope S_00000180eebcdae0
v00000180eebbb690_0 .var "slice_id", 3 0;
TD_tb_queue_manager.make_tuser_with_slice ;
    %pushi/vec4 0, 0, 128;
    %ret/vec4 0, 0, 128;  Assign to make_tuser_with_slice (store_vec4_to_lval)
    %pushi/vec4 1, 0, 1;
    %ix/load 4, 0, 0;
    %flag_set/imm 4, 0;
    %ret/vec4 0, 4, 1; Assign to make_tuser_with_slice (store_vec4_to_lval)
    %load/vec4 v00000180eebbb690_0;
    %ix/load 4, 4, 0;
    %flag_set/imm 4, 0;
    %ret/vec4 0, 4, 4; Assign to make_tuser_with_slice (store_vec4_to_lval)
    %end;
S_00000180eebdeea0 .scope module, "uut" "queue_manager" 2 53, 3 36 0, S_00000180eeb6fad0;
 .timescale 0 0;
    .port_info 0 /INPUT 1 "clk";
    .port_info 1 /INPUT 1 "rst_n";
    .port_info 2 /INPUT 512 "s_axis_tdata";
    .port_info 3 /INPUT 64 "s_axis_tkeep";
    .port_info 4 /INPUT 128 "s_axis_tuser";
    .port_info 5 /INPUT 1 "s_axis_tvalid";
    .port_info 6 /OUTPUT 1 "s_axis_tready";
    .port_info 7 /INPUT 1 "s_axis_tlast";
    .port_info 8 /OUTPUT 512 "m_axis_tdata";
    .port_info 9 /OUTPUT 64 "m_axis_tkeep";
    .port_info 10 /OUTPUT 128 "m_axis_tuser";
    .port_info 11 /OUTPUT 1 "m_axis_tvalid";
    .port_info 12 /INPUT 1 "m_axis_tready";
    .port_info 13 /OUTPUT 1 "m_axis_tlast";
    .port_info 14 /INPUT 1 "deq_request";
    .port_info 15 /INPUT 2 "deq_queue_id";
    .port_info 16 /OUTPUT 4 "queue_empty";
    .port_info 17 /OUTPUT 4 "queue_full";
    .port_info 18 /OUTPUT 32 "queue_fill_levels";
P_00000180eebdf030 .param/l "ADDR_BITS" 1 3 71, +C4<00000000000000000000000000000110>;
P_00000180eebdf068 .param/l "DEPTH" 1 3 70, +C4<00000000000000000000000001000000>;
P_00000180eebdf0a0 .param/l "DEQ_IDLE" 1 3 150, C4<00>;
P_00000180eebdf0d8 .param/l "DEQ_OUTPUT" 1 3 152, C4<10>;
P_00000180eebdf110 .param/l "DEQ_READ" 1 3 151, C4<01>;
P_00000180eebdf148 .param/l "ENTRY_WIDTH" 1 3 76, +C4<00000000000000000000000001011000001>;
P_00000180eebdf180 .param/l "TOTAL_ADDR" 1 3 73, +C4<00000000000000000000000000001000>;
P_00000180eebdf1b8 .param/l "TOTAL_DEPTH" 1 3 72, +C4<0000000000000000000000000000000000000000000000000000000100000000>;
L_00000180eebc7770 .functor AND 1, v00000180eec51ac0_0, L_00000180eec9bea0, C4<1>, C4<1>;
L_00000180eebc7380 .functor AND 1, v00000180eec4fdd0_0, v00000180eebbbaf0_0, C4<1>, C4<1>;
v00000180eec4d500_0 .net *"_ivl_37", 31 0, L_00000180eec9b400;  1 drivers
L_00000180eec52168 .functor BUFT 1, C4<000000000000000000000000000000>, C4<0>, C4<0>, C4<0>;
v00000180eec4c380_0 .net *"_ivl_40", 29 0, L_00000180eec52168;  1 drivers
L_00000180eec521b0 .functor BUFT 1, C4<00000000000000000000000001000000>, C4<0>, C4<0>, C4<0>;
v00000180eec4d960_0 .net/2u *"_ivl_41", 31 0, L_00000180eec521b0;  1 drivers
v00000180eec4da00_0 .net *"_ivl_44", 31 0, L_00000180eec9b7c0;  1 drivers
v00000180eec4de60_0 .net *"_ivl_45", 6 0, L_00000180eec9a320;  1 drivers
v00000180eec4d820_0 .net *"_ivl_47", 3 0, L_00000180eec9a960;  1 drivers
L_00000180eec521f8 .functor BUFT 1, C4<00>, C4<0>, C4<0>, C4<0>;
v00000180eec4c060_0 .net *"_ivl_50", 1 0, L_00000180eec521f8;  1 drivers
v00000180eec4d8c0_0 .net *"_ivl_52", 5 0, L_00000180eec9ac80;  1 drivers
v00000180eec4c100_0 .net *"_ivl_53", 31 0, L_00000180eec9bcc0;  1 drivers
L_00000180eec52240 .functor BUFT 1, C4<00000000000000000000000000>, C4<0>, C4<0>, C4<0>;
v00000180eec4c1a0_0 .net *"_ivl_56", 25 0, L_00000180eec52240;  1 drivers
v00000180eec4c240_0 .net *"_ivl_57", 31 0, L_00000180eec9bf40;  1 drivers
v00000180eec4c2e0_0 .net *"_ivl_61", 31 0, L_00000180eec9b680;  1 drivers
L_00000180eec52288 .functor BUFT 1, C4<000000000000000000000000000000>, C4<0>, C4<0>, C4<0>;
v00000180eec4c4c0_0 .net *"_ivl_64", 29 0, L_00000180eec52288;  1 drivers
L_00000180eec522d0 .functor BUFT 1, C4<00000000000000000000000001000000>, C4<0>, C4<0>, C4<0>;
v00000180eec4c560_0 .net/2u *"_ivl_65", 31 0, L_00000180eec522d0;  1 drivers
v00000180eec4c600_0 .net *"_ivl_68", 31 0, L_00000180eec9b0e0;  1 drivers
v00000180eec4f3d0_0 .net *"_ivl_69", 6 0, L_00000180eec9aa00;  1 drivers
v00000180eec4fab0_0 .net *"_ivl_71", 3 0, L_00000180eec9a0a0;  1 drivers
L_00000180eec52318 .functor BUFT 1, C4<00>, C4<0>, C4<0>, C4<0>;
v00000180eec4e9d0_0 .net *"_ivl_74", 1 0, L_00000180eec52318;  1 drivers
v00000180eec4ea70_0 .net *"_ivl_76", 5 0, L_00000180eec9a8c0;  1 drivers
v00000180eec4fbf0_0 .net *"_ivl_77", 31 0, L_00000180eec9b540;  1 drivers
L_00000180eec52360 .functor BUFT 1, C4<00000000000000000000000000>, C4<0>, C4<0>, C4<0>;
v00000180eec4eb10_0 .net *"_ivl_80", 25 0, L_00000180eec52360;  1 drivers
v00000180eec4e4d0_0 .net *"_ivl_81", 31 0, L_00000180eec9ab40;  1 drivers
v00000180eec4f150_0 .net "clk", 0 0, v00000180eec4e2f0_0;  1 drivers
v00000180eec4ebb0_0 .net "deq_addr", 7 0, L_00000180eec9bd60;  1 drivers
v00000180eec4ed90_0 .var "deq_data", 704 0;
v00000180eec4e890_0 .net "deq_output_handshake", 0 0, L_00000180eebc7380;  1 drivers
v00000180eec4f1f0_0 .var "deq_qid_reg", 1 0;
v00000180eec4f470_0 .net "deq_queue_id", 1 0, v00000180eec4e610_0;  1 drivers
v00000180eec4fe70_0 .net "deq_request", 0 0, v00000180eec4e6b0_0;  1 drivers
v00000180eec4fa10_0 .var "deq_state", 1 0;
v00000180eec4ecf0_0 .net "enq_addr", 7 0, L_00000180eec9bb80;  1 drivers
v00000180eec4fc90_0 .net "enq_handshake", 0 0, L_00000180eebc7770;  1 drivers
v00000180eec4f010_0 .net "enq_qid", 1 0, L_00000180eec9bae0;  1 drivers
v00000180eec4eed0_0 .net "enq_queue_id", 3 0, L_00000180eec9be00;  1 drivers
v00000180eec4e7f0_0 .net "enq_target_full", 0 0, L_00000180eec9a140;  1 drivers
v00000180eec4f330 .array "head", 0 3, 6 0;
v00000180eec4e930_0 .var/i "m", 31 0;
v00000180eec4fd30_0 .var "m_axis_tdata", 511 0;
v00000180eec4ef70_0 .var "m_axis_tkeep", 63 0;
v00000180eec4fb50_0 .var "m_axis_tlast", 0 0;
v00000180eec4f510_0 .net "m_axis_tready", 0 0, v00000180eebbbaf0_0;  1 drivers
v00000180eec4f0b0_0 .var "m_axis_tuser", 127 0;
v00000180eec4fdd0_0 .var "m_axis_tvalid", 0 0;
v00000180eec4f5b0 .array "mem", 255 0, 704 0;
v00000180eec4f290_0 .var/i "n", 31 0;
v00000180eec4f970_0 .net "queue_empty", 3 0, L_00000180eec517a0;  alias, 1 drivers
v00000180eec4e390_0 .net "queue_fill_levels", 31 0, L_00000180eec9a280;  alias, 1 drivers
v00000180eec4ff10_0 .net "queue_full", 3 0, L_00000180eec50800;  alias, 1 drivers
v00000180eec4ee30_0 .net "rst_n", 0 0, v00000180eec51660_0;  1 drivers
v00000180eec4f650_0 .net "s_axis_tdata", 511 0, v00000180eec51700_0;  1 drivers
v00000180eec4e070_0 .net "s_axis_tkeep", 63 0, v00000180eec51980_0;  1 drivers
v00000180eec4ec50_0 .net "s_axis_tlast", 0 0, v00000180eec51a20_0;  1 drivers
v00000180eec4e110_0 .net "s_axis_tready", 0 0, L_00000180eec9bea0;  alias, 1 drivers
v00000180eec4e430_0 .net "s_axis_tuser", 127 0, v00000180eec503a0_0;  1 drivers
v00000180eec4f6f0_0 .net "s_axis_tvalid", 0 0, v00000180eec51ac0_0;  1 drivers
v00000180eec4e1b0 .array "tail", 0 3, 6 0;
L_00000180eec517a0 .concat8 [ 1 1 1 1], L_00000180eec51ca0, L_00000180eec51020, L_00000180eec501c0, L_00000180eec50760;
L_00000180eec50800 .concat8 [ 1 1 1 1], L_00000180eebc80a0, L_00000180eebc7c40, L_00000180eebc7690, L_00000180eebc78c0;
L_00000180eec9a280 .concat8 [ 8 8 8 8], L_00000180eec51f20, L_00000180eec506c0, L_00000180eec504e0, L_00000180eec9afa0;
L_00000180eec9be00 .part v00000180eec503a0_0, 4, 4;
L_00000180eec9bae0 .part L_00000180eec9be00, 0, 2;
L_00000180eec9a140 .part/v L_00000180eec50800, L_00000180eec9bae0, 1;
L_00000180eec9bea0 .reduce/nor L_00000180eec9a140;
L_00000180eec9b400 .concat [ 2 30 0 0], L_00000180eec9bae0, L_00000180eec52168;
L_00000180eec9b7c0 .arith/mult 32, L_00000180eec9b400, L_00000180eec521b0;
L_00000180eec9a320 .array/port v00000180eec4e1b0, L_00000180eec9a960;
L_00000180eec9a960 .concat [ 2 2 0 0], L_00000180eec9bae0, L_00000180eec521f8;
L_00000180eec9ac80 .part L_00000180eec9a320, 0, 6;
L_00000180eec9bcc0 .concat [ 6 26 0 0], L_00000180eec9ac80, L_00000180eec52240;
L_00000180eec9bf40 .arith/sum 32, L_00000180eec9b7c0, L_00000180eec9bcc0;
L_00000180eec9bb80 .part L_00000180eec9bf40, 0, 8;
L_00000180eec9b680 .concat [ 2 30 0 0], v00000180eec4e610_0, L_00000180eec52288;
L_00000180eec9b0e0 .arith/mult 32, L_00000180eec9b680, L_00000180eec522d0;
L_00000180eec9aa00 .array/port v00000180eec4f330, L_00000180eec9a0a0;
L_00000180eec9a0a0 .concat [ 2 2 0 0], v00000180eec4e610_0, L_00000180eec52318;
L_00000180eec9a8c0 .part L_00000180eec9aa00, 0, 6;
L_00000180eec9b540 .concat [ 6 26 0 0], L_00000180eec9a8c0, L_00000180eec52360;
L_00000180eec9ab40 .arith/sum 32, L_00000180eec9b0e0, L_00000180eec9b540;
L_00000180eec9bd60 .part L_00000180eec9ab40, 0, 8;
S_00000180eebdbdd0 .scope generate, "gen_status[0]" "gen_status[0]" 3 98, 3 98 0, S_00000180eebdeea0;
 .timescale 0 0;
P_00000180eebc4790 .param/l "g" 0 3 98, +C4<00>;
L_00000180eebc7460 .functor XOR 1, L_00000180eec50d00, L_00000180eec50440, C4<0>, C4<0>;
L_00000180eebc80a0 .functor AND 1, L_00000180eebc7460, L_00000180eec513e0, C4<1>, C4<1>;
v00000180eebbce50_0 .net *"_ivl_10", 0 0, L_00000180eec50d00;  1 drivers
v00000180eebbcc70_0 .net *"_ivl_13", 0 0, L_00000180eec50440;  1 drivers
v00000180eebbcef0_0 .net *"_ivl_14", 0 0, L_00000180eebc7460;  1 drivers
v00000180eebbb870_0 .net *"_ivl_18", 5 0, L_00000180eec508a0;  1 drivers
v00000180eebbbd70_0 .net *"_ivl_21", 5 0, L_00000180eec51d40;  1 drivers
v00000180eebbbe10_0 .net *"_ivl_22", 0 0, L_00000180eec513e0;  1 drivers
v00000180eebbc3b0_0 .net *"_ivl_25", 0 0, L_00000180eebc80a0;  1 drivers
L_00000180eec52048 .functor BUFT 1, C4<x>, C4<0>, C4<0>, C4<0>;
v00000180eebb2f10_0 .net *"_ivl_27", 0 0, L_00000180eec52048;  1 drivers
v00000180eebb2b50_0 .net *"_ivl_29", 6 0, L_00000180eec50b20;  1 drivers
v00000180eebb2fb0_0 .net *"_ivl_31", 7 0, L_00000180eec51f20;  1 drivers
v00000180eebb2bf0_0 .net *"_ivl_6", 0 0, L_00000180eec51ca0;  1 drivers
v00000180eebb3190_0 .net "fill", 6 0, L_00000180eec50620;  1 drivers
v00000180eec4e1b0_0 .array/port v00000180eec4e1b0, 0;
v00000180eec4f330_0 .array/port v00000180eec4f330, 0;
L_00000180eec50620 .arith/sub 7, v00000180eec4e1b0_0, v00000180eec4f330_0;
L_00000180eec51ca0 .cmp/eq 7, v00000180eec4f330_0, v00000180eec4e1b0_0;
L_00000180eec50d00 .part v00000180eec4f330_0, 6, 1;
L_00000180eec50440 .part v00000180eec4e1b0_0, 6, 1;
L_00000180eec508a0 .part v00000180eec4f330_0, 0, 6;
L_00000180eec51d40 .part v00000180eec4e1b0_0, 0, 6;
L_00000180eec513e0 .cmp/eq 6, L_00000180eec508a0, L_00000180eec51d40;
L_00000180eec50b20 .part L_00000180eec50620, 0, 7;
L_00000180eec51f20 .concat [ 7 1 0 0], L_00000180eec50b20, L_00000180eec52048;
S_00000180eebdbf60 .scope generate, "gen_status[1]" "gen_status[1]" 3 98, 3 98 0, S_00000180eebdeea0;
 .timescale 0 0;
P_00000180eebc4d90 .param/l "g" 0 3 98, +C4<01>;
L_00000180eebc7d90 .functor XOR 1, L_00000180eec50ee0, L_00000180eec51480, C4<0>, C4<0>;
L_00000180eebc7c40 .functor AND 1, L_00000180eebc7d90, L_00000180eec50940, C4<1>, C4<1>;
v00000180eebb3370_0 .net *"_ivl_10", 0 0, L_00000180eec50ee0;  1 drivers
v00000180eec4daa0_0 .net *"_ivl_13", 0 0, L_00000180eec51480;  1 drivers
v00000180eec4df00_0 .net *"_ivl_14", 0 0, L_00000180eebc7d90;  1 drivers
v00000180eec4c740_0 .net *"_ivl_18", 5 0, L_00000180eec50120;  1 drivers
v00000180eec4db40_0 .net *"_ivl_21", 5 0, L_00000180eec50da0;  1 drivers
v00000180eec4d640_0 .net *"_ivl_22", 0 0, L_00000180eec50940;  1 drivers
v00000180eec4c7e0_0 .net *"_ivl_25", 0 0, L_00000180eebc7c40;  1 drivers
L_00000180eec52090 .functor BUFT 1, C4<x>, C4<0>, C4<0>, C4<0>;
v00000180eec4d5a0_0 .net *"_ivl_27", 0 0, L_00000180eec52090;  1 drivers
v00000180eec4dd20_0 .net *"_ivl_29", 6 0, L_00000180eec50e40;  1 drivers
v00000180eec4d3c0_0 .net *"_ivl_31", 7 0, L_00000180eec506c0;  1 drivers
v00000180eec4c920_0 .net *"_ivl_6", 0 0, L_00000180eec51020;  1 drivers
v00000180eec4c9c0_0 .net "fill", 6 0, L_00000180eec50080;  1 drivers
v00000180eec4e1b0_1 .array/port v00000180eec4e1b0, 1;
v00000180eec4f330_1 .array/port v00000180eec4f330, 1;
L_00000180eec50080 .arith/sub 7, v00000180eec4e1b0_1, v00000180eec4f330_1;
L_00000180eec51020 .cmp/eq 7, v00000180eec4f330_1, v00000180eec4e1b0_1;
L_00000180eec50ee0 .part v00000180eec4f330_1, 6, 1;
L_00000180eec51480 .part v00000180eec4e1b0_1, 6, 1;
L_00000180eec50120 .part v00000180eec4f330_1, 0, 6;
L_00000180eec50da0 .part v00000180eec4e1b0_1, 0, 6;
L_00000180eec50940 .cmp/eq 6, L_00000180eec50120, L_00000180eec50da0;
L_00000180eec50e40 .part L_00000180eec50080, 0, 7;
L_00000180eec506c0 .concat [ 7 1 0 0], L_00000180eec50e40, L_00000180eec52090;
S_00000180eebecac0 .scope generate, "gen_status[2]" "gen_status[2]" 3 98, 3 98 0, S_00000180eebdeea0;
 .timescale 0 0;
P_00000180eebc4f10 .param/l "g" 0 3 98, +C4<010>;
L_00000180eebc7310 .functor XOR 1, L_00000180eec509e0, L_00000180eec50f80, C4<0>, C4<0>;
L_00000180eebc7690 .functor AND 1, L_00000180eebc7310, L_00000180eec510c0, C4<1>, C4<1>;
v00000180eec4c6a0_0 .net *"_ivl_10", 0 0, L_00000180eec509e0;  1 drivers
v00000180eec4cd80_0 .net *"_ivl_13", 0 0, L_00000180eec50f80;  1 drivers
v00000180eec4d0a0_0 .net *"_ivl_14", 0 0, L_00000180eebc7310;  1 drivers
v00000180eec4ca60_0 .net *"_ivl_18", 5 0, L_00000180eec50300;  1 drivers
v00000180eec4c880_0 .net *"_ivl_21", 5 0, L_00000180eec50bc0;  1 drivers
v00000180eec4cb00_0 .net *"_ivl_22", 0 0, L_00000180eec510c0;  1 drivers
v00000180eec4d6e0_0 .net *"_ivl_25", 0 0, L_00000180eebc7690;  1 drivers
L_00000180eec520d8 .functor BUFT 1, C4<x>, C4<0>, C4<0>, C4<0>;
v00000180eec4cba0_0 .net *"_ivl_27", 0 0, L_00000180eec520d8;  1 drivers
v00000180eec4d320_0 .net *"_ivl_29", 6 0, L_00000180eec515c0;  1 drivers
v00000180eec4ce20_0 .net *"_ivl_31", 7 0, L_00000180eec504e0;  1 drivers
v00000180eec4cc40_0 .net *"_ivl_6", 0 0, L_00000180eec501c0;  1 drivers
v00000180eec4d140_0 .net "fill", 6 0, L_00000180eec50a80;  1 drivers
v00000180eec4e1b0_2 .array/port v00000180eec4e1b0, 2;
v00000180eec4f330_2 .array/port v00000180eec4f330, 2;
L_00000180eec50a80 .arith/sub 7, v00000180eec4e1b0_2, v00000180eec4f330_2;
L_00000180eec501c0 .cmp/eq 7, v00000180eec4f330_2, v00000180eec4e1b0_2;
L_00000180eec509e0 .part v00000180eec4f330_2, 6, 1;
L_00000180eec50f80 .part v00000180eec4e1b0_2, 6, 1;
L_00000180eec50300 .part v00000180eec4f330_2, 0, 6;
L_00000180eec50bc0 .part v00000180eec4e1b0_2, 0, 6;
L_00000180eec510c0 .cmp/eq 6, L_00000180eec50300, L_00000180eec50bc0;
L_00000180eec515c0 .part L_00000180eec50a80, 0, 7;
L_00000180eec504e0 .concat [ 7 1 0 0], L_00000180eec515c0, L_00000180eec520d8;
S_00000180eebecc50 .scope generate, "gen_status[3]" "gen_status[3]" 3 98, 3 98 0, S_00000180eebdeea0;
 .timescale 0 0;
P_00000180eebc5590 .param/l "g" 0 3 98, +C4<011>;
L_00000180eebc7fc0 .functor XOR 1, L_00000180eec51200, L_00000180eec512a0, C4<0>, C4<0>;
L_00000180eebc78c0 .functor AND 1, L_00000180eebc7fc0, L_00000180eec9abe0, C4<1>, C4<1>;
v00000180eec4c420_0 .net *"_ivl_10", 0 0, L_00000180eec51200;  1 drivers
v00000180eec4dbe0_0 .net *"_ivl_13", 0 0, L_00000180eec512a0;  1 drivers
v00000180eec4cce0_0 .net *"_ivl_14", 0 0, L_00000180eebc7fc0;  1 drivers
v00000180eec4d000_0 .net *"_ivl_18", 5 0, L_00000180eec51520;  1 drivers
v00000180eec4cec0_0 .net *"_ivl_21", 5 0, L_00000180eec51840;  1 drivers
v00000180eec4d1e0_0 .net *"_ivl_22", 0 0, L_00000180eec9abe0;  1 drivers
v00000180eec4d780_0 .net *"_ivl_25", 0 0, L_00000180eebc78c0;  1 drivers
L_00000180eec52120 .functor BUFT 1, C4<x>, C4<0>, C4<0>, C4<0>;
v00000180eec4cf60_0 .net *"_ivl_27", 0 0, L_00000180eec52120;  1 drivers
v00000180eec4dc80_0 .net *"_ivl_29", 6 0, L_00000180eec9a820;  1 drivers
v00000180eec4d280_0 .net *"_ivl_31", 7 0, L_00000180eec9afa0;  1 drivers
v00000180eec4d460_0 .net *"_ivl_6", 0 0, L_00000180eec50760;  1 drivers
v00000180eec4ddc0_0 .net "fill", 6 0, L_00000180eec50580;  1 drivers
v00000180eec4e1b0_3 .array/port v00000180eec4e1b0, 3;
v00000180eec4f330_3 .array/port v00000180eec4f330, 3;
L_00000180eec50580 .arith/sub 7, v00000180eec4e1b0_3, v00000180eec4f330_3;
L_00000180eec50760 .cmp/eq 7, v00000180eec4f330_3, v00000180eec4e1b0_3;
L_00000180eec51200 .part v00000180eec4f330_3, 6, 1;
L_00000180eec512a0 .part v00000180eec4e1b0_3, 6, 1;
L_00000180eec51520 .part v00000180eec4f330_3, 0, 6;
L_00000180eec51840 .part v00000180eec4e1b0_3, 0, 6;
L_00000180eec9abe0 .cmp/eq 6, L_00000180eec51520, L_00000180eec51840;
L_00000180eec9a820 .part L_00000180eec50580, 0, 7;
L_00000180eec9afa0 .concat [ 7 1 0 0], L_00000180eec9a820, L_00000180eec52120;
    .scope S_00000180eebdeea0;
T_4 ;
    %wait E_00000180eebc4b50;
    %load/vec4 v00000180eec4ee30_0;
    %nor/r;
    %flag_set/vec4 8;
    %jmp/0xz  T_4.0, 8;
    %pushi/vec4 0, 0, 32;
    %store/vec4 v00000180eec4e930_0, 0, 32;
T_4.2 ;
    %load/vec4 v00000180eec4e930_0;
    %cmpi/s 4, 0, 32;
    %jmp/0xz T_4.3, 5;
    %pushi/vec4 0, 0, 7;
    %ix/getv/s 3, v00000180eec4e930_0;
    %ix/load 4, 0, 0; Constant delay
    %assign/vec4/a/d v00000180eec4e1b0, 0, 4;
    %load/vec4 v00000180eec4e930_0;
    %addi 1, 0, 32;
    %store/vec4 v00000180eec4e930_0, 0, 32;
    %jmp T_4.2;
T_4.3 ;
    %jmp T_4.1;
T_4.0 ;
    %load/vec4 v00000180eec4fc90_0;
    %flag_set/vec4 8;
    %jmp/0xz  T_4.4, 8;
    %load/vec4 v00000180eec4ec50_0;
    %load/vec4 v00000180eec4e430_0;
    %concat/vec4; draw_concat_vec4
    %load/vec4 v00000180eec4e070_0;
    %concat/vec4; draw_concat_vec4
    %load/vec4 v00000180eec4f650_0;
    %concat/vec4; draw_concat_vec4
    %load/vec4 v00000180eec4ecf0_0;
    %pad/u 10;
    %ix/vec4 3;
    %ix/load 4, 0, 0; Constant delay
    %assign/vec4/a/d v00000180eec4f5b0, 0, 4;
    %load/vec4 v00000180eec4f010_0;
    %pad/u 4;
    %ix/vec4 4;
    %load/vec4a v00000180eec4e1b0, 4;
    %addi 1, 0, 7;
    %load/vec4 v00000180eec4f010_0;
    %pad/u 4;
    %ix/vec4 3;
    %ix/load 4, 0, 0; Constant delay
    %assign/vec4/a/d v00000180eec4e1b0, 0, 4;
T_4.4 ;
T_4.1 ;
    %jmp T_4;
    .thread T_4;
    .scope S_00000180eebdeea0;
T_5 ;
    %wait E_00000180eebc4b50;
    %load/vec4 v00000180eec4ee30_0;
    %nor/r;
    %flag_set/vec4 8;
    %jmp/0xz  T_5.0, 8;
    %pushi/vec4 0, 0, 2;
    %assign/vec4 v00000180eec4fa10_0, 0;
    %pushi/vec4 0, 0, 1;
    %assign/vec4 v00000180eec4fdd0_0, 0;
    %pushi/vec4 0, 0, 512;
    %assign/vec4 v00000180eec4fd30_0, 0;
    %pushi/vec4 0, 0, 64;
    %assign/vec4 v00000180eec4ef70_0, 0;
    %pushi/vec4 0, 0, 128;
    %assign/vec4 v00000180eec4f0b0_0, 0;
    %pushi/vec4 0, 0, 1;
    %assign/vec4 v00000180eec4fb50_0, 0;
    %pushi/vec4 0, 0, 2;
    %assign/vec4 v00000180eec4f1f0_0, 0;
    %pushi/vec4 0, 0, 32;
    %store/vec4 v00000180eec4f290_0, 0, 32;
T_5.2 ;
    %load/vec4 v00000180eec4f290_0;
    %cmpi/s 4, 0, 32;
    %jmp/0xz T_5.3, 5;
    %pushi/vec4 0, 0, 7;
    %ix/getv/s 3, v00000180eec4f290_0;
    %ix/load 4, 0, 0; Constant delay
    %assign/vec4/a/d v00000180eec4f330, 0, 4;
    %load/vec4 v00000180eec4f290_0;
    %addi 1, 0, 32;
    %store/vec4 v00000180eec4f290_0, 0, 32;
    %jmp T_5.2;
T_5.3 ;
    %jmp T_5.1;
T_5.0 ;
    %load/vec4 v00000180eec4fa10_0;
    %dup/vec4;
    %pushi/vec4 0, 0, 2;
    %cmp/u;
    %jmp/1 T_5.4, 6;
    %dup/vec4;
    %pushi/vec4 1, 0, 2;
    %cmp/u;
    %jmp/1 T_5.5, 6;
    %dup/vec4;
    %pushi/vec4 2, 0, 2;
    %cmp/u;
    %jmp/1 T_5.6, 6;
    %pushi/vec4 0, 0, 2;
    %assign/vec4 v00000180eec4fa10_0, 0;
    %jmp T_5.8;
T_5.4 ;
    %pushi/vec4 0, 0, 1;
    %assign/vec4 v00000180eec4fdd0_0, 0;
    %load/vec4 v00000180eec4fe70_0;
    %flag_set/vec4 9;
    %flag_get/vec4 9;
    %jmp/0 T_5.11, 9;
    %load/vec4 v00000180eec4f970_0;
    %load/vec4 v00000180eec4f470_0;
    %part/u 1;
    %nor/r;
    %and;
T_5.11;
    %flag_set/vec4 8;
    %jmp/0xz  T_5.9, 8;
    %load/vec4 v00000180eec4ebb0_0;
    %pad/u 10;
    %ix/vec4 4;
    %load/vec4a v00000180eec4f5b0, 4;
    %assign/vec4 v00000180eec4ed90_0, 0;
    %load/vec4 v00000180eec4f470_0;
    %assign/vec4 v00000180eec4f1f0_0, 0;
    %pushi/vec4 1, 0, 2;
    %assign/vec4 v00000180eec4fa10_0, 0;
T_5.9 ;
    %jmp T_5.8;
T_5.5 ;
    %load/vec4 v00000180eec4ed90_0;
    %parti/s 512, 0, 2;
    %assign/vec4 v00000180eec4fd30_0, 0;
    %load/vec4 v00000180eec4ed90_0;
    %parti/s 64, 512, 11;
    %assign/vec4 v00000180eec4ef70_0, 0;
    %load/vec4 v00000180eec4ed90_0;
    %parti/s 128, 576, 11;
    %assign/vec4 v00000180eec4f0b0_0, 0;
    %load/vec4 v00000180eec4ed90_0;
    %parti/s 1, 704, 11;
    %assign/vec4 v00000180eec4fb50_0, 0;
    %pushi/vec4 1, 0, 1;
    %assign/vec4 v00000180eec4fdd0_0, 0;
    %pushi/vec4 2, 0, 2;
    %assign/vec4 v00000180eec4fa10_0, 0;
    %jmp T_5.8;
T_5.6 ;
    %load/vec4 v00000180eec4e890_0;
    %flag_set/vec4 8;
    %jmp/0xz  T_5.12, 8;
    %load/vec4 v00000180eec4f1f0_0;
    %pad/u 4;
    %ix/vec4 4;
    %load/vec4a v00000180eec4f330, 4;
    %addi 1, 0, 7;
    %load/vec4 v00000180eec4f1f0_0;
    %pad/u 4;
    %ix/vec4 3;
    %ix/load 4, 0, 0; Constant delay
    %assign/vec4/a/d v00000180eec4f330, 0, 4;
    %pushi/vec4 0, 0, 1;
    %assign/vec4 v00000180eec4fdd0_0, 0;
    %load/vec4 v00000180eec4fb50_0;
    %nor/r;
    %flag_set/vec4 8;
    %jmp/0xz  T_5.14, 8;
    %load/vec4 v00000180eec4f1f0_0;
    %pad/u 32;
    %muli 64, 0, 32;
    %load/vec4 v00000180eec4f1f0_0;
    %pad/u 4;
    %ix/vec4 5;
    %load/vec4a v00000180eec4f330, 5;
    %parti/s 6, 0, 2;
    %pad/u 32;
    %addi 1, 0, 32;
    %add;
    %ix/vec4 4;
    %load/vec4a v00000180eec4f5b0, 4;
    %assign/vec4 v00000180eec4ed90_0, 0;
    %pushi/vec4 1, 0, 2;
    %assign/vec4 v00000180eec4fa10_0, 0;
    %jmp T_5.15;
T_5.14 ;
    %pushi/vec4 0, 0, 2;
    %assign/vec4 v00000180eec4fa10_0, 0;
T_5.15 ;
T_5.12 ;
    %jmp T_5.8;
T_5.8 ;
    %pop/vec4 1;
T_5.1 ;
    %jmp T_5;
    .thread T_5;
    .scope S_00000180eeb6fad0;
T_6 ;
    %pushi/vec4 0, 0, 32;
    %store/vec4 v00000180eec51de0_0, 0, 32;
    %pushi/vec4 0, 0, 32;
    %store/vec4 v00000180eec50c60_0, 0, 32;
    %pushi/vec4 0, 0, 32;
    %store/vec4 v00000180eec51160_0, 0, 32;
    %end;
    .thread T_6;
    .scope S_00000180eeb6fad0;
T_7 ;
    %pushi/vec4 0, 0, 1;
    %store/vec4 v00000180eec4e2f0_0, 0, 1;
    %end;
    .thread T_7;
    .scope S_00000180eeb6fad0;
T_8 ;
    %delay 5000, 0;
    %load/vec4 v00000180eec4e2f0_0;
    %inv;
    %store/vec4 v00000180eec4e2f0_0, 0, 1;
    %jmp T_8;
    .thread T_8;
    .scope S_00000180eeb6fad0;
T_9 ;
    %vpi_call 2 159 "$dumpfile", "queue_waves.vcd" {0 0 0};
    %vpi_call 2 160 "$dumpvars", 32'sb00000000000000000000000000000000, S_00000180eeb6fad0 {0 0 0};
    %pushi/vec4 0, 0, 512;
    %store/vec4 v00000180eec51700_0, 0, 512;
    %pushi/vec4 0, 0, 64;
    %store/vec4 v00000180eec51980_0, 0, 64;
    %pushi/vec4 0, 0, 128;
    %store/vec4 v00000180eec503a0_0, 0, 128;
    %pushi/vec4 0, 0, 1;
    %store/vec4 v00000180eec51ac0_0, 0, 1;
    %pushi/vec4 0, 0, 1;
    %store/vec4 v00000180eec51a20_0, 0, 1;
    %pushi/vec4 1, 0, 1;
    %store/vec4 v00000180eebbbaf0_0, 0, 1;
    %pushi/vec4 0, 0, 1;
    %store/vec4 v00000180eec4e6b0_0, 0, 1;
    %pushi/vec4 0, 0, 2;
    %store/vec4 v00000180eec4e610_0, 0, 2;
    %pushi/vec4 0, 0, 1;
    %store/vec4 v00000180eec51660_0, 0, 1;
    %delay 100000, 0;
    %pushi/vec4 1, 0, 1;
    %store/vec4 v00000180eec51660_0, 0, 1;
    %delay 20000, 0;
    %pushi/vec4 1, 0, 32;
    %store/vec4 v00000180eec51160_0, 0, 32;
    %vpi_call 2 181 "$display", "\012\342\224\200\342\224\200 TEST %0d: Initial Empty State \342\224\200\342\224\200", v00000180eec51160_0 {0 0 0};
    %pushi/vec4 0, 0, 32; draw_string_vec4
    %pushi/vec4 0, 0, 32; draw_string_vec4
    %concat/vec4; draw_string_vec4
    %pushi/vec4 0, 0, 32; draw_string_vec4
    %concat/vec4; draw_string_vec4
    %pushi/vec4 0, 0, 32; draw_string_vec4
    %concat/vec4; draw_string_vec4
    %pushi/vec4 0, 0, 32; draw_string_vec4
    %concat/vec4; draw_string_vec4
    %pushi/vec4 7435621, 0, 32; draw_string_vec4
    %concat/vec4; draw_string_vec4
    %pushi/vec4 1969577829, 0, 32; draw_string_vec4
    %concat/vec4; draw_string_vec4
    %pushi/vec4 1836086393, 0, 32; draw_string_vec4
    %concat/vec4; draw_string_vec4
    %store/vec4 v00000180eebbb4b0_0, 0, 256;
    %load/vec4 v00000180eec51e80_0;
    %pad/u 32;
    %store/vec4 v00000180eebbd210_0, 0, 32;
    %pushi/vec4 15, 0, 32;
    %store/vec4 v00000180eebbd0d0_0, 0, 32;
    %fork TD_tb_queue_manager.check, S_00000180eeb6fd90;
    %join;
    %pushi/vec4 0, 0, 32; draw_string_vec4
    %pushi/vec4 0, 0, 32; draw_string_vec4
    %concat/vec4; draw_string_vec4
    %pushi/vec4 0, 0, 32; draw_string_vec4
    %concat/vec4; draw_string_vec4
    %pushi/vec4 0, 0, 32; draw_string_vec4
    %concat/vec4; draw_string_vec4
    %pushi/vec4 0, 0, 32; draw_string_vec4
    %concat/vec4; draw_string_vec4
    %pushi/vec4 29045, 0, 32; draw_string_vec4
    %concat/vec4; draw_string_vec4
    %pushi/vec4 1702192479, 0, 32; draw_string_vec4
    %concat/vec4; draw_string_vec4
    %pushi/vec4 1718971500, 0, 32; draw_string_vec4
    %concat/vec4; draw_string_vec4
    %store/vec4 v00000180eebbb4b0_0, 0, 256;
    %load/vec4 v00000180eec50260_0;
    %pad/u 32;
    %store/vec4 v00000180eebbd210_0, 0, 32;
    %pushi/vec4 0, 0, 32;
    %store/vec4 v00000180eebbd0d0_0, 0, 32;
    %fork TD_tb_queue_manager.check, S_00000180eeb6fd90;
    %join;
    %pushi/vec4 2, 0, 32;
    %store/vec4 v00000180eec51160_0, 0, 32;
    %vpi_call 2 189 "$display", "\012\342\224\200\342\224\200 TEST %0d: Enqueue/Dequeue Queue 0 \342\224\200\342\224\200", v00000180eec51160_0 {0 0 0};
    %pushi/vec4 0, 0, 4;
    %store/vec4 v00000180eebbbb90_0, 0, 4;
    %pushi/vec4 3735928559, 0, 480;
    %concati/vec4 1, 0, 32;
    %store/vec4 v00000180eebbca90_0, 0, 512;
    %fork TD_tb_queue_manager.enqueue_packet, S_00000180eebdb1b0;
    %join;
    %pushi/vec4 0, 0, 32; draw_string_vec4
    %pushi/vec4 0, 0, 32; draw_string_vec4
    %concat/vec4; draw_string_vec4
    %pushi/vec4 0, 0, 32; draw_string_vec4
    %concat/vec4; draw_string_vec4
    %pushi/vec4 0, 0, 32; draw_string_vec4
    %concat/vec4; draw_string_vec4
    %pushi/vec4 0, 0, 32; draw_string_vec4
    %concat/vec4; draw_string_vec4
    %pushi/vec4 1898995566, 0, 32; draw_string_vec4
    %concat/vec4; draw_string_vec4
    %pushi/vec4 1869897573, 0, 32; draw_string_vec4
    %concat/vec4; draw_string_vec4
    %pushi/vec4 1836086393, 0, 32; draw_string_vec4
    %concat/vec4; draw_string_vec4
    %store/vec4 v00000180eebbb4b0_0, 0, 256;
    %load/vec4 v00000180eec51e80_0;
    %parti/s 1, 0, 2;
    %pad/u 32;
    %store/vec4 v00000180eebbd210_0, 0, 32;
    %pushi/vec4 0, 0, 32;
    %store/vec4 v00000180eebbd0d0_0, 0, 32;
    %fork TD_tb_queue_manager.check, S_00000180eeb6fd90;
    %join;
    %pushi/vec4 0, 0, 2;
    %store/vec4 v00000180eebbc9f0_0, 0, 2;
    %fork TD_tb_queue_manager.dequeue_packet, S_00000180eebde300;
    %join;
    %load/vec4 v00000180eebbb550_0;
    %store/vec4 v00000180eec4f790_0, 0, 512;
    %load/vec4 v00000180eebbb5f0_0;
    %store/vec4 v00000180eec4e570_0, 0, 1;
    %pushi/vec4 0, 0, 32; draw_string_vec4
    %pushi/vec4 0, 0, 32; draw_string_vec4
    %concat/vec4; draw_string_vec4
    %pushi/vec4 0, 0, 32; draw_string_vec4
    %concat/vec4; draw_string_vec4
    %pushi/vec4 0, 0, 32; draw_string_vec4
    %concat/vec4; draw_string_vec4
    %pushi/vec4 0, 0, 32; draw_string_vec4
    %concat/vec4; draw_string_vec4
    %pushi/vec4 0, 0, 32; draw_string_vec4
    %concat/vec4; draw_string_vec4
    %pushi/vec4 7417951, 0, 32; draw_string_vec4
    %concat/vec4; draw_string_vec4
    %pushi/vec4 1684108385, 0, 32; draw_string_vec4
    %concat/vec4; draw_string_vec4
    %store/vec4 v00000180eebbb4b0_0, 0, 256;
    %load/vec4 v00000180eec4f790_0;
    %parti/s 32, 0, 2;
    %store/vec4 v00000180eebbd210_0, 0, 32;
    %pushi/vec4 1, 0, 32;
    %store/vec4 v00000180eebbd0d0_0, 0, 32;
    %fork TD_tb_queue_manager.check, S_00000180eeb6fd90;
    %join;
    %pushi/vec4 0, 0, 32; draw_string_vec4
    %pushi/vec4 0, 0, 32; draw_string_vec4
    %concat/vec4; draw_string_vec4
    %pushi/vec4 0, 0, 32; draw_string_vec4
    %concat/vec4; draw_string_vec4
    %pushi/vec4 0, 0, 32; draw_string_vec4
    %concat/vec4; draw_string_vec4
    %pushi/vec4 0, 0, 32; draw_string_vec4
    %concat/vec4; draw_string_vec4
    %pushi/vec4 0, 0, 32; draw_string_vec4
    %concat/vec4; draw_string_vec4
    %pushi/vec4 1898995572, 0, 32; draw_string_vec4
    %concat/vec4; draw_string_vec4
    %pushi/vec4 1818325876, 0, 32; draw_string_vec4
    %concat/vec4; draw_string_vec4
    %store/vec4 v00000180eebbb4b0_0, 0, 256;
    %load/vec4 v00000180eec4e570_0;
    %pad/u 32;
    %store/vec4 v00000180eebbd210_0, 0, 32;
    %pushi/vec4 1, 0, 32;
    %store/vec4 v00000180eebbd0d0_0, 0, 32;
    %fork TD_tb_queue_manager.check, S_00000180eeb6fd90;
    %join;
    %delay 20000, 0;
    %pushi/vec4 3, 0, 32;
    %store/vec4 v00000180eec51160_0, 0, 32;
    %vpi_call 2 204 "$display", "\012\342\224\200\342\224\200 TEST %0d: Enqueue to All Queues \342\224\200\342\224\200", v00000180eec51160_0 {0 0 0};
    %pushi/vec4 0, 0, 4;
    %store/vec4 v00000180eebbbb90_0, 0, 4;
    %pushi/vec4 2863267840, 0, 512;
    %store/vec4 v00000180eebbca90_0, 0, 512;
    %fork TD_tb_queue_manager.enqueue_packet, S_00000180eebdb1b0;
    %join;
    %pushi/vec4 1, 0, 4;
    %store/vec4 v00000180eebbbb90_0, 0, 4;
    %pushi/vec4 3149598993, 0, 512;
    %store/vec4 v00000180eebbca90_0, 0, 512;
    %fork TD_tb_queue_manager.enqueue_packet, S_00000180eebdb1b0;
    %join;
    %pushi/vec4 2, 0, 4;
    %store/vec4 v00000180eebbbb90_0, 0, 4;
    %pushi/vec4 3435930146, 0, 512;
    %store/vec4 v00000180eebbca90_0, 0, 512;
    %fork TD_tb_queue_manager.enqueue_packet, S_00000180eebdb1b0;
    %join;
    %pushi/vec4 3, 0, 4;
    %store/vec4 v00000180eebbbb90_0, 0, 4;
    %pushi/vec4 3722261299, 0, 512;
    %store/vec4 v00000180eebbca90_0, 0, 512;
    %fork TD_tb_queue_manager.enqueue_packet, S_00000180eebdb1b0;
    %join;
    %pushi/vec4 0, 0, 32; draw_string_vec4
    %pushi/vec4 0, 0, 32; draw_string_vec4
    %concat/vec4; draw_string_vec4
    %pushi/vec4 0, 0, 32; draw_string_vec4
    %concat/vec4; draw_string_vec4
    %pushi/vec4 0, 0, 32; draw_string_vec4
    %concat/vec4; draw_string_vec4
    %pushi/vec4 0, 0, 32; draw_string_vec4
    %concat/vec4; draw_string_vec4
    %pushi/vec4 1634495583, 0, 32; draw_string_vec4
    %concat/vec4; draw_string_vec4
    %pushi/vec4 1852798053, 0, 32; draw_string_vec4
    %concat/vec4; draw_string_vec4
    %pushi/vec4 1836086393, 0, 32; draw_string_vec4
    %concat/vec4; draw_string_vec4
    %store/vec4 v00000180eebbb4b0_0, 0, 256;
    %load/vec4 v00000180eec51e80_0;
    %pad/u 32;
    %store/vec4 v00000180eebbd210_0, 0, 32;
    %pushi/vec4 0, 0, 32;
    %store/vec4 v00000180eebbd0d0_0, 0, 32;
    %fork TD_tb_queue_manager.check, S_00000180eeb6fd90;
    %join;
    %pushi/vec4 0, 0, 2;
    %store/vec4 v00000180eebbc9f0_0, 0, 2;
    %fork TD_tb_queue_manager.dequeue_packet, S_00000180eebde300;
    %join;
    %load/vec4 v00000180eebbb550_0;
    %store/vec4 v00000180eec4f790_0, 0, 512;
    %load/vec4 v00000180eebbb5f0_0;
    %store/vec4 v00000180eec4e570_0, 0, 1;
    %pushi/vec4 0, 0, 32; draw_string_vec4
    %pushi/vec4 0, 0, 32; draw_string_vec4
    %concat/vec4; draw_string_vec4
    %pushi/vec4 0, 0, 32; draw_string_vec4
    %concat/vec4; draw_string_vec4
    %pushi/vec4 0, 0, 32; draw_string_vec4
    %concat/vec4; draw_string_vec4
    %pushi/vec4 0, 0, 32; draw_string_vec4
    %concat/vec4; draw_string_vec4
    %pushi/vec4 28976, 0, 32; draw_string_vec4
    %concat/vec4; draw_string_vec4
    %pushi/vec4 1601200500, 0, 32; draw_string_vec4
    %concat/vec4; draw_string_vec4
    %pushi/vec4 1952805486, 0, 32; draw_string_vec4
    %concat/vec4; draw_string_vec4
    %store/vec4 v00000180eebbb4b0_0, 0, 256;
    %load/vec4 v00000180eec4f790_0;
    %parti/s 32, 0, 2;
    %store/vec4 v00000180eebbd210_0, 0, 32;
    %pushi/vec4 2863267840, 0, 32;
    %store/vec4 v00000180eebbd0d0_0, 0, 32;
    %fork TD_tb_queue_manager.check, S_00000180eeb6fd90;
    %join;
    %pushi/vec4 1, 0, 2;
    %store/vec4 v00000180eebbc9f0_0, 0, 2;
    %fork TD_tb_queue_manager.dequeue_packet, S_00000180eebde300;
    %join;
    %load/vec4 v00000180eebbb550_0;
    %store/vec4 v00000180eec4f790_0, 0, 512;
    %load/vec4 v00000180eebbb5f0_0;
    %store/vec4 v00000180eec4e570_0, 0, 1;
    %pushi/vec4 0, 0, 32; draw_string_vec4
    %pushi/vec4 0, 0, 32; draw_string_vec4
    %concat/vec4; draw_string_vec4
    %pushi/vec4 0, 0, 32; draw_string_vec4
    %concat/vec4; draw_string_vec4
    %pushi/vec4 0, 0, 32; draw_string_vec4
    %concat/vec4; draw_string_vec4
    %pushi/vec4 0, 0, 32; draw_string_vec4
    %concat/vec4; draw_string_vec4
    %pushi/vec4 28977, 0, 32; draw_string_vec4
    %concat/vec4; draw_string_vec4
    %pushi/vec4 1601200500, 0, 32; draw_string_vec4
    %concat/vec4; draw_string_vec4
    %pushi/vec4 1952805486, 0, 32; draw_string_vec4
    %concat/vec4; draw_string_vec4
    %store/vec4 v00000180eebbb4b0_0, 0, 256;
    %load/vec4 v00000180eec4f790_0;
    %parti/s 32, 0, 2;
    %store/vec4 v00000180eebbd210_0, 0, 32;
    %pushi/vec4 3149598993, 0, 32;
    %store/vec4 v00000180eebbd0d0_0, 0, 32;
    %fork TD_tb_queue_manager.check, S_00000180eeb6fd90;
    %join;
    %pushi/vec4 2, 0, 2;
    %store/vec4 v00000180eebbc9f0_0, 0, 2;
    %fork TD_tb_queue_manager.dequeue_packet, S_00000180eebde300;
    %join;
    %load/vec4 v00000180eebbb550_0;
    %store/vec4 v00000180eec4f790_0, 0, 512;
    %load/vec4 v00000180eebbb5f0_0;
    %store/vec4 v00000180eec4e570_0, 0, 1;
    %pushi/vec4 0, 0, 32; draw_string_vec4
    %pushi/vec4 0, 0, 32; draw_string_vec4
    %concat/vec4; draw_string_vec4
    %pushi/vec4 0, 0, 32; draw_string_vec4
    %concat/vec4; draw_string_vec4
    %pushi/vec4 0, 0, 32; draw_string_vec4
    %concat/vec4; draw_string_vec4
    %pushi/vec4 0, 0, 32; draw_string_vec4
    %concat/vec4; draw_string_vec4
    %pushi/vec4 28978, 0, 32; draw_string_vec4
    %concat/vec4; draw_string_vec4
    %pushi/vec4 1601200500, 0, 32; draw_string_vec4
    %concat/vec4; draw_string_vec4
    %pushi/vec4 1952805486, 0, 32; draw_string_vec4
    %concat/vec4; draw_string_vec4
    %store/vec4 v00000180eebbb4b0_0, 0, 256;
    %load/vec4 v00000180eec4f790_0;
    %parti/s 32, 0, 2;
    %store/vec4 v00000180eebbd210_0, 0, 32;
    %pushi/vec4 3435930146, 0, 32;
    %store/vec4 v00000180eebbd0d0_0, 0, 32;
    %fork TD_tb_queue_manager.check, S_00000180eeb6fd90;
    %join;
    %pushi/vec4 3, 0, 2;
    %store/vec4 v00000180eebbc9f0_0, 0, 2;
    %fork TD_tb_queue_manager.dequeue_packet, S_00000180eebde300;
    %join;
    %load/vec4 v00000180eebbb550_0;
    %store/vec4 v00000180eec4f790_0, 0, 512;
    %load/vec4 v00000180eebbb5f0_0;
    %store/vec4 v00000180eec4e570_0, 0, 1;
    %pushi/vec4 0, 0, 32; draw_string_vec4
    %pushi/vec4 0, 0, 32; draw_string_vec4
    %concat/vec4; draw_string_vec4
    %pushi/vec4 0, 0, 32; draw_string_vec4
    %concat/vec4; draw_string_vec4
    %pushi/vec4 0, 0, 32; draw_string_vec4
    %concat/vec4; draw_string_vec4
    %pushi/vec4 0, 0, 32; draw_string_vec4
    %concat/vec4; draw_string_vec4
    %pushi/vec4 28979, 0, 32; draw_string_vec4
    %concat/vec4; draw_string_vec4
    %pushi/vec4 1601200500, 0, 32; draw_string_vec4
    %concat/vec4; draw_string_vec4
    %pushi/vec4 1952805486, 0, 32; draw_string_vec4
    %concat/vec4; draw_string_vec4
    %store/vec4 v00000180eebbb4b0_0, 0, 256;
    %load/vec4 v00000180eec4f790_0;
    %parti/s 32, 0, 2;
    %store/vec4 v00000180eebbd210_0, 0, 32;
    %pushi/vec4 3722261299, 0, 32;
    %store/vec4 v00000180eebbd0d0_0, 0, 32;
    %fork TD_tb_queue_manager.check, S_00000180eeb6fd90;
    %join;
    %delay 20000, 0;
    %pushi/vec4 4, 0, 32;
    %store/vec4 v00000180eec51160_0, 0, 32;
    %vpi_call 2 232 "$display", "\012\342\224\200\342\224\200 TEST %0d: FIFO Ordering \342\224\200\342\224\200", v00000180eec51160_0 {0 0 0};
    %pushi/vec4 1, 0, 4;
    %store/vec4 v00000180eebbbb90_0, 0, 4;
    %pushi/vec4 1, 0, 512;
    %store/vec4 v00000180eebbca90_0, 0, 512;
    %fork TD_tb_queue_manager.enqueue_packet, S_00000180eebdb1b0;
    %join;
    %pushi/vec4 1, 0, 4;
    %store/vec4 v00000180eebbbb90_0, 0, 4;
    %pushi/vec4 2, 0, 512;
    %store/vec4 v00000180eebbca90_0, 0, 512;
    %fork TD_tb_queue_manager.enqueue_packet, S_00000180eebdb1b0;
    %join;
    %pushi/vec4 1, 0, 4;
    %store/vec4 v00000180eebbbb90_0, 0, 4;
    %pushi/vec4 3, 0, 512;
    %store/vec4 v00000180eebbca90_0, 0, 512;
    %fork TD_tb_queue_manager.enqueue_packet, S_00000180eebdb1b0;
    %join;
    %pushi/vec4 1, 0, 2;
    %store/vec4 v00000180eebbc9f0_0, 0, 2;
    %fork TD_tb_queue_manager.dequeue_packet, S_00000180eebde300;
    %join;
    %load/vec4 v00000180eebbb550_0;
    %store/vec4 v00000180eec4f790_0, 0, 512;
    %load/vec4 v00000180eebbb5f0_0;
    %store/vec4 v00000180eec4e570_0, 0, 1;
    %pushi/vec4 0, 0, 32; draw_string_vec4
    %pushi/vec4 0, 0, 32; draw_string_vec4
    %concat/vec4; draw_string_vec4
    %pushi/vec4 0, 0, 32; draw_string_vec4
    %concat/vec4; draw_string_vec4
    %pushi/vec4 0, 0, 32; draw_string_vec4
    %concat/vec4; draw_string_vec4
    %pushi/vec4 0, 0, 32; draw_string_vec4
    %concat/vec4; draw_string_vec4
    %pushi/vec4 0, 0, 32; draw_string_vec4
    %concat/vec4; draw_string_vec4
    %pushi/vec4 1718183535, 0, 32; draw_string_vec4
    %concat/vec4; draw_string_vec4
    %pushi/vec4 1597076340, 0, 32; draw_string_vec4
    %concat/vec4; draw_string_vec4
    %store/vec4 v00000180eebbb4b0_0, 0, 256;
    %load/vec4 v00000180eec4f790_0;
    %parti/s 32, 0, 2;
    %store/vec4 v00000180eebbd210_0, 0, 32;
    %pushi/vec4 1, 0, 32;
    %store/vec4 v00000180eebbd0d0_0, 0, 32;
    %fork TD_tb_queue_manager.check, S_00000180eeb6fd90;
    %join;
    %pushi/vec4 1, 0, 2;
    %store/vec4 v00000180eebbc9f0_0, 0, 2;
    %fork TD_tb_queue_manager.dequeue_packet, S_00000180eebde300;
    %join;
    %load/vec4 v00000180eebbb550_0;
    %store/vec4 v00000180eec4f790_0, 0, 512;
    %load/vec4 v00000180eebbb5f0_0;
    %store/vec4 v00000180eec4e570_0, 0, 1;
    %pushi/vec4 0, 0, 32; draw_string_vec4
    %pushi/vec4 0, 0, 32; draw_string_vec4
    %concat/vec4; draw_string_vec4
    %pushi/vec4 0, 0, 32; draw_string_vec4
    %concat/vec4; draw_string_vec4
    %pushi/vec4 0, 0, 32; draw_string_vec4
    %concat/vec4; draw_string_vec4
    %pushi/vec4 0, 0, 32; draw_string_vec4
    %concat/vec4; draw_string_vec4
    %pushi/vec4 0, 0, 32; draw_string_vec4
    %concat/vec4; draw_string_vec4
    %pushi/vec4 1718183535, 0, 32; draw_string_vec4
    %concat/vec4; draw_string_vec4
    %pushi/vec4 1597140580, 0, 32; draw_string_vec4
    %concat/vec4; draw_string_vec4
    %store/vec4 v00000180eebbb4b0_0, 0, 256;
    %load/vec4 v00000180eec4f790_0;
    %parti/s 32, 0, 2;
    %store/vec4 v00000180eebbd210_0, 0, 32;
    %pushi/vec4 2, 0, 32;
    %store/vec4 v00000180eebbd0d0_0, 0, 32;
    %fork TD_tb_queue_manager.check, S_00000180eeb6fd90;
    %join;
    %pushi/vec4 1, 0, 2;
    %store/vec4 v00000180eebbc9f0_0, 0, 2;
    %fork TD_tb_queue_manager.dequeue_packet, S_00000180eebde300;
    %join;
    %load/vec4 v00000180eebbb550_0;
    %store/vec4 v00000180eec4f790_0, 0, 512;
    %load/vec4 v00000180eebbb5f0_0;
    %store/vec4 v00000180eec4e570_0, 0, 1;
    %pushi/vec4 0, 0, 32; draw_string_vec4
    %pushi/vec4 0, 0, 32; draw_string_vec4
    %concat/vec4; draw_string_vec4
    %pushi/vec4 0, 0, 32; draw_string_vec4
    %concat/vec4; draw_string_vec4
    %pushi/vec4 0, 0, 32; draw_string_vec4
    %concat/vec4; draw_string_vec4
    %pushi/vec4 0, 0, 32; draw_string_vec4
    %concat/vec4; draw_string_vec4
    %pushi/vec4 0, 0, 32; draw_string_vec4
    %concat/vec4; draw_string_vec4
    %pushi/vec4 1718183535, 0, 32; draw_string_vec4
    %concat/vec4; draw_string_vec4
    %pushi/vec4 1597207140, 0, 32; draw_string_vec4
    %concat/vec4; draw_string_vec4
    %store/vec4 v00000180eebbb4b0_0, 0, 256;
    %load/vec4 v00000180eec4f790_0;
    %parti/s 32, 0, 2;
    %store/vec4 v00000180eebbd210_0, 0, 32;
    %pushi/vec4 3, 0, 32;
    %store/vec4 v00000180eebbd0d0_0, 0, 32;
    %fork TD_tb_queue_manager.check, S_00000180eeb6fd90;
    %join;
    %delay 20000, 0;
    %pushi/vec4 5, 0, 32;
    %store/vec4 v00000180eec51160_0, 0, 32;
    %vpi_call 2 253 "$display", "\012\342\224\200\342\224\200 TEST %0d: Queue Isolation \342\224\200\342\224\200", v00000180eec51160_0 {0 0 0};
    %pushi/vec4 2, 0, 4;
    %store/vec4 v00000180eebbbb90_0, 0, 4;
    %pushi/vec4 352430061, 0, 512;
    %store/vec4 v00000180eebbca90_0, 0, 512;
    %fork TD_tb_queue_manager.enqueue_packet, S_00000180eebdb1b0;
    %join;
    %pushi/vec4 0, 0, 32; draw_string_vec4
    %pushi/vec4 0, 0, 32; draw_string_vec4
    %concat/vec4; draw_string_vec4
    %pushi/vec4 0, 0, 32; draw_string_vec4
    %concat/vec4; draw_string_vec4
    %pushi/vec4 0, 0, 32; draw_string_vec4
    %concat/vec4; draw_string_vec4
    %pushi/vec4 0, 0, 32; draw_string_vec4
    %concat/vec4; draw_string_vec4
    %pushi/vec4 0, 0, 32; draw_string_vec4
    %concat/vec4; draw_string_vec4
    %pushi/vec4 1898995557, 0, 32; draw_string_vec4
    %concat/vec4; draw_string_vec4
    %pushi/vec4 1836086393, 0, 32; draw_string_vec4
    %concat/vec4; draw_string_vec4
    %store/vec4 v00000180eebbb4b0_0, 0, 256;
    %load/vec4 v00000180eec51e80_0;
    %parti/s 1, 0, 2;
    %pad/u 32;
    %store/vec4 v00000180eebbd210_0, 0, 32;
    %pushi/vec4 1, 0, 32;
    %store/vec4 v00000180eebbd0d0_0, 0, 32;
    %fork TD_tb_queue_manager.check, S_00000180eeb6fd90;
    %join;
    %pushi/vec4 0, 0, 32; draw_string_vec4
    %pushi/vec4 0, 0, 32; draw_string_vec4
    %concat/vec4; draw_string_vec4
    %pushi/vec4 0, 0, 32; draw_string_vec4
    %concat/vec4; draw_string_vec4
    %pushi/vec4 0, 0, 32; draw_string_vec4
    %concat/vec4; draw_string_vec4
    %pushi/vec4 0, 0, 32; draw_string_vec4
    %concat/vec4; draw_string_vec4
    %pushi/vec4 0, 0, 32; draw_string_vec4
    %concat/vec4; draw_string_vec4
    %pushi/vec4 1899061093, 0, 32; draw_string_vec4
    %concat/vec4; draw_string_vec4
    %pushi/vec4 1836086393, 0, 32; draw_string_vec4
    %concat/vec4; draw_string_vec4
    %store/vec4 v00000180eebbb4b0_0, 0, 256;
    %load/vec4 v00000180eec51e80_0;
    %parti/s 1, 1, 2;
    %pad/u 32;
    %store/vec4 v00000180eebbd210_0, 0, 32;
    %pushi/vec4 1, 0, 32;
    %store/vec4 v00000180eebbd0d0_0, 0, 32;
    %fork TD_tb_queue_manager.check, S_00000180eeb6fd90;
    %join;
    %pushi/vec4 0, 0, 32; draw_string_vec4
    %pushi/vec4 0, 0, 32; draw_string_vec4
    %concat/vec4; draw_string_vec4
    %pushi/vec4 0, 0, 32; draw_string_vec4
    %concat/vec4; draw_string_vec4
    %pushi/vec4 0, 0, 32; draw_string_vec4
    %concat/vec4; draw_string_vec4
    %pushi/vec4 0, 0, 32; draw_string_vec4
    %concat/vec4; draw_string_vec4
    %pushi/vec4 7418463, 0, 32; draw_string_vec4
    %concat/vec4; draw_string_vec4
    %pushi/vec4 1852798053, 0, 32; draw_string_vec4
    %concat/vec4; draw_string_vec4
    %pushi/vec4 1836086393, 0, 32; draw_string_vec4
    %concat/vec4; draw_string_vec4
    %store/vec4 v00000180eebbb4b0_0, 0, 256;
    %load/vec4 v00000180eec51e80_0;
    %parti/s 1, 2, 3;
    %pad/u 32;
    %store/vec4 v00000180eebbd210_0, 0, 32;
    %pushi/vec4 0, 0, 32;
    %store/vec4 v00000180eebbd0d0_0, 0, 32;
    %fork TD_tb_queue_manager.check, S_00000180eeb6fd90;
    %join;
    %pushi/vec4 0, 0, 32; draw_string_vec4
    %pushi/vec4 0, 0, 32; draw_string_vec4
    %concat/vec4; draw_string_vec4
    %pushi/vec4 0, 0, 32; draw_string_vec4
    %concat/vec4; draw_string_vec4
    %pushi/vec4 0, 0, 32; draw_string_vec4
    %concat/vec4; draw_string_vec4
    %pushi/vec4 0, 0, 32; draw_string_vec4
    %concat/vec4; draw_string_vec4
    %pushi/vec4 0, 0, 32; draw_string_vec4
    %concat/vec4; draw_string_vec4
    %pushi/vec4 1899192165, 0, 32; draw_string_vec4
    %concat/vec4; draw_string_vec4
    %pushi/vec4 1836086393, 0, 32; draw_string_vec4
    %concat/vec4; draw_string_vec4
    %store/vec4 v00000180eebbb4b0_0, 0, 256;
    %load/vec4 v00000180eec51e80_0;
    %parti/s 1, 3, 3;
    %pad/u 32;
    %store/vec4 v00000180eebbd210_0, 0, 32;
    %pushi/vec4 1, 0, 32;
    %store/vec4 v00000180eebbd0d0_0, 0, 32;
    %fork TD_tb_queue_manager.check, S_00000180eeb6fd90;
    %join;
    %pushi/vec4 2, 0, 2;
    %store/vec4 v00000180eebbc9f0_0, 0, 2;
    %fork TD_tb_queue_manager.dequeue_packet, S_00000180eebde300;
    %join;
    %load/vec4 v00000180eebbb550_0;
    %store/vec4 v00000180eec4f790_0, 0, 512;
    %load/vec4 v00000180eebbb5f0_0;
    %store/vec4 v00000180eec4e570_0, 0, 1;
    %delay 50000, 0;
    %vpi_call 2 269 "$display", "\012\342\225\220\342\225\220\342\225\220\342\225\220\342\225\220\342\225\220\342\225\220\342\225\220\342\225\220\342\225\220\342\225\220\342\225\220\342\225\220\342\225\220\342\225\220\342\225\220\342\225\220\342\225\220\342\225\220\342\225\220\342\225\220\342\225\220\342\225\220\342\225\220\342\225\220\342\225\220\342\225\220\342\225\220\342\225\220\342\225\220\342\225\220\342\225\220\342\225\220\342\225\220\342\225\220\342\225\220\342\225\220\342\225\220\342\225\220\342\225\220\342\225\220\342\225\220" {0 0 0};
    %vpi_call 2 270 "$display", "  QUEUE MANAGER TESTBENCH RESULTS" {0 0 0};
    %vpi_call 2 271 "$display", "  Tests passed: %0d", v00000180eec51de0_0 {0 0 0};
    %vpi_call 2 272 "$display", "  Tests failed: %0d", v00000180eec50c60_0 {0 0 0};
    %load/vec4 v00000180eec50c60_0;
    %cmpi/e 0, 0, 32;
    %jmp/0xz  T_9.0, 4;
    %vpi_call 2 274 "$display", "  STATUS: *** ALL TESTS PASSED ***" {0 0 0};
    %jmp T_9.1;
T_9.0 ;
    %vpi_call 2 276 "$display", "  STATUS: *** SOME TESTS FAILED ***" {0 0 0};
T_9.1 ;
    %vpi_call 2 277 "$display", "\342\225\220\342\225\220\342\225\220\342\225\220\342\225\220\342\225\220\342\225\220\342\225\220\342\225\220\342\225\220\342\225\220\342\225\220\342\225\220\342\225\220\342\225\220\342\225\220\342\225\220\342\225\220\342\225\220\342\225\220\342\225\220\342\225\220\342\225\220\342\225\220\342\225\220\342\225\220\342\225\220\342\225\220\342\225\220\342\225\220\342\225\220\342\225\220\342\225\220\342\225\220\342\225\220\342\225\220\342\225\220\342\225\220\342\225\220\342\225\220\342\225\220\342\225\220\012" {0 0 0};
    %vpi_call 2 279 "$finish" {0 0 0};
    %end;
    .thread T_9;
    .scope S_00000180eeb6fad0;
T_10 ;
    %delay 200000000, 0;
    %vpi_call 2 284 "$display", "ERROR: Testbench timed out!" {0 0 0};
    %vpi_call 2 285 "$finish" {0 0 0};
    %end;
    .thread T_10;
# The file index is used to find the file name in the following table.
:file_names 4;
    "N/A";
    "<interactive>";
    "tb\queue\tb_queue_manager.v";
    "rtl\queue\queue_manager.v";
