Copyright 1986-2022 Xilinx, Inc. All Rights Reserved. Copyright 2022-2026 Advanced Micro Devices, Inc. All Rights Reserved.
---------------------------------------------------------------------------------------------------------------------------------------------
| Tool Version : Vivado v.2026.1 (win64) Build 6511674 Tue Jun 16 11:02:23 MDT 2026
| Date         : Sun Aug 30 19:13:36 2026
| Host         : LAPTOP-16MV5P3N running 64-bit major release  (build 9200)
| Command      : report_timing_summary -file ../reports/synth_timing_summary.rpt
| Design       : smartnic_top
| Device       : 7a100t-csg324
| Speed File   : -1  PRODUCTION 1.23 2018-06-13
| Design State : Routed
---------------------------------------------------------------------------------------------------------------------------------------------

Timing Summary Report

------------------------------------------------------------------------------------------------
| Timer Settings
| --------------
------------------------------------------------------------------------------------------------

  Enable Multi Corner Analysis               :  Yes
  Enable Pessimism Removal                   :  Yes
  Pessimism Removal Resolution               :  Nearest Common Node
  Enable Input Delay Default Clock           :  No
  Enable Preset / Clear Arcs                 :  No
  Disable Flight Delays                      :  No
  Ignore I/O Paths                           :  No
  Timing Early Launch at Borrowing Latches   :  No
  Borrow Time for Max Delay Exceptions       :  Yes
  Merge Timing Exceptions                    :  Yes
  Inter-SLR Compensation                     :  Conservative

  Corner  Analyze    Analyze    
  Name    Max Paths  Min Paths  
  ------  ---------  ---------  
  Slow    Yes        Yes        
  Fast    Yes        Yes        


------------------------------------------------------------------------------------------------
| Report Methodology
| ------------------
------------------------------------------------------------------------------------------------

No report available as report_methodology has not been run prior. Run report_methodology on the current design for the summary of methodology violations.



check_timing report

Table of Contents
-----------------
1. checking no_clock (0)
2. checking constant_clock (0)
3. checking pulse_width_clock (0)
4. checking unconstrained_internal_endpoints (0)
5. checking no_input_delay (640)
6. checking no_output_delay (653)
7. checking multiple_clock (0)
8. checking generated_clocks (0)
9. checking loops (0)
10. checking partial_input_delay (0)
11. checking partial_output_delay (0)
12. checking latch_loops (0)

1. checking no_clock (0)
------------------------
 There are 0 register/latch pins with no clock.


2. checking constant_clock (0)
------------------------------
 There are 0 register/latch pins with constant_clock.


3. checking pulse_width_clock (0)
---------------------------------
 There are 0 register/latch pins which need pulse_width check


4. checking unconstrained_internal_endpoints (0)
------------------------------------------------
 There are 0 pins that are not constrained for maximum delay.

 There are 0 pins that are not constrained for maximum delay due to constant clock.


5. checking no_input_delay (640)
--------------------------------
 There are 640 input ports with no input delay specified. (HIGH)

 There are 0 input ports with no input delay but user has a false path constraint.


6. checking no_output_delay (653)
---------------------------------
 There are 653 ports with no output delay specified. (HIGH)

 There are 0 ports with no output delay but user has a false path constraint

 There are 0 ports with no output delay but with a timing clock defined on it or propagating through it


7. checking multiple_clock (0)
------------------------------
 There are 0 register/latch pins with multiple clocks.


8. checking generated_clocks (0)
--------------------------------
 There are 0 generated clocks that are not connected to a clock source.


9. checking loops (0)
---------------------
 There are 0 combinational loops in the design.


10. checking partial_input_delay (0)
------------------------------------
 There are 0 input ports with partial input delay specified.


11. checking partial_output_delay (0)
-------------------------------------
 There are 0 ports with partial output delay specified.


12. checking latch_loops (0)
----------------------------
 There are 0 combinational latch loops in the design through latch input



------------------------------------------------------------------------------------------------
| Design Timing Summary
| ---------------------
------------------------------------------------------------------------------------------------

    WNS(ns)      TNS(ns)  TNS Failing Endpoints  TNS Total Endpoints      WHS(ns)      THS(ns)  THS Failing Endpoints  THS Total Endpoints     WPWS(ns)     TPWS(ns)  TPWS Failing Endpoints  TPWS Total Endpoints  
    -------      -------  ---------------------  -------------------      -------      -------  ---------------------  -------------------     --------     --------  ----------------------  --------------------  
      0.078        0.000                      0                63282        0.040        0.000                      0                63282        3.750        0.000                       0                 14190  


All user specified timing constraints are met.


------------------------------------------------------------------------------------------------
| Clock Summary
| -------------
------------------------------------------------------------------------------------------------

Clock  Waveform(ns)       Period(ns)      Frequency(MHz)
-----  ------------       ----------      --------------
clk    {0.000 5.000}      10.000          100.000         


------------------------------------------------------------------------------------------------
| Intra Clock Table
| -----------------
------------------------------------------------------------------------------------------------

Clock             WNS(ns)      TNS(ns)  TNS Failing Endpoints  TNS Total Endpoints      WHS(ns)      THS(ns)  THS Failing Endpoints  THS Total Endpoints     WPWS(ns)     TPWS(ns)  TPWS Failing Endpoints  TPWS Total Endpoints  
-----             -------      -------  ---------------------  -------------------      -------      -------  ---------------------  -------------------     --------     --------  ----------------------  --------------------  
clk                 0.078        0.000                      0                63282        0.040        0.000                      0                63282        3.750        0.000                       0                 14190  


------------------------------------------------------------------------------------------------
| Inter Clock Table
| -----------------
------------------------------------------------------------------------------------------------

From Clock    To Clock          WNS(ns)      TNS(ns)  TNS Failing Endpoints  TNS Total Endpoints      WHS(ns)      THS(ns)  THS Failing Endpoints  THS Total Endpoints  
----------    --------          -------      -------  ---------------------  -------------------      -------      -------  ---------------------  -------------------  


------------------------------------------------------------------------------------------------
| Other Path Groups Table
| -----------------------
------------------------------------------------------------------------------------------------

Path Group    From Clock    To Clock          WNS(ns)      TNS(ns)  TNS Failing Endpoints  TNS Total Endpoints      WHS(ns)      THS(ns)  THS Failing Endpoints  THS Total Endpoints  
----------    ----------    --------          -------      -------  ---------------------  -------------------      -------      -------  ---------------------  -------------------  


------------------------------------------------------------------------------------------------
| Timing Details
| --------------
------------------------------------------------------------------------------------------------


---------------------------------------------------------------------------------------------------
From Clock:  clk
  To Clock:  clk

Setup :            0  Failing Endpoints,  Worst Slack        0.078ns,  Total Violation        0.000ns
Hold  :            0  Failing Endpoints,  Worst Slack        0.040ns,  Total Violation        0.000ns
PW    :            0  Failing Endpoints,  Worst Slack        3.750ns,  Total Violation        0.000ns
---------------------------------------------------------------------------------------------------


Max Delay Paths
--------------------------------------------------------------------------------------
Slack (MET) :             0.078ns  (required time - arrival time)
  Source:                 u_parser/m_axis_tuser_reg[55]/C
                            (rising edge-triggered cell FDRE clocked by clk  {rise@0.000ns fall@5.000ns period=10.000ns})
  Destination:            u_classifier/current_rss_eligible_reg/D
                            (rising edge-triggered cell FDRE clocked by clk  {rise@0.000ns fall@5.000ns period=10.000ns})
  Path Group:             clk
  Path Type:              Setup (Max at Slow Process Corner)
  Requirement:            10.000ns  (clk rise@10.000ns - clk rise@0.000ns)
  Data Path Delay:        9.867ns  (logic 2.484ns (25.174%)  route 7.383ns (74.825%))
  Logic Levels:           12  (CARRY4=3 LUT4=3 LUT5=1 LUT6=5)
  Clock Path Skew:        -0.049ns (DCD - SCD + CPR)
    Destination Clock Delay (DCD):    0.924ns = ( 10.924 - 10.000 ) 
    Source Clock Delay      (SCD):    0.973ns
    Clock Pessimism Removal (CPR):    0.000ns
  Clock Uncertainty:      0.035ns  ((TSJ^2 + TIJ^2)^1/2 + DJ) / 2 + PE
    Total System Jitter     (TSJ):    0.071ns
    Total Input Jitter      (TIJ):    0.000ns
    Discrete Jitter          (DJ):    0.000ns
    Phase Error              (PE):    0.000ns

    Location             Delay type                Incr(ns)  Path(ns)    Netlist Resource(s)
  -------------------------------------------------------------------    -------------------
                         (clock clk rise edge)        0.000     0.000 r  <hidden>
                                                      0.000     0.000 r  clk
                         net (fo=14189, unset)        0.973     0.973    u_parser/clk
    SLICE_X44Y43         FDRE                                         r  u_parser/m_axis_tuser_reg[55]/C
  -------------------------------------------------------------------    -------------------
    SLICE_X44Y43         FDRE (Prop_fdre_C_Q)         0.456     1.429 r  u_parser/m_axis_tuser_reg[55]/Q
                         net (fo=16, routed)          0.883     2.312    u_classifier/Q[32]
    SLICE_X51Y43         LUT6 (Prop_lut6_I2_O)        0.124     2.436 f  u_classifier/current_slice_id[3]_i_685/O
                         net (fo=1, routed)           0.995     3.431    u_classifier/current_slice_id[3]_i_685_n_0
    SLICE_X58Y43         LUT4 (Prop_lut4_I3_O)        0.124     3.555 r  u_classifier/current_slice_id[3]_i_557/O
                         net (fo=1, routed)           0.000     3.555    u_classifier/current_slice_id[3]_i_557_n_0
    SLICE_X58Y43         CARRY4 (Prop_carry4_S[2]_CO[3])
                                                      0.380     3.935 r  u_classifier/current_slice_id_reg[3]_i_364/CO[3]
                         net (fo=1, routed)           0.000     3.935    u_classifier/current_slice_id_reg[3]_i_364_n_0
    SLICE_X58Y44         CARRY4 (Prop_carry4_CI_CO[3])
                                                      0.117     4.052 r  u_classifier/current_slice_id_reg[3]_i_203/CO[3]
                         net (fo=1, routed)           0.000     4.052    u_classifier/current_slice_id_reg[3]_i_203_n_0
    SLICE_X58Y45         CARRY4 (Prop_carry4_CI_CO[2])
                                                      0.229     4.281 f  u_classifier/current_slice_id_reg[3]_i_109/CO[2]
                         net (fo=1, routed)           0.980     5.261    u_classifier/gen_match[2].ip_match
    SLICE_X58Y51         LUT6 (Prop_lut6_I3_O)        0.310     5.571 f  u_classifier/current_slice_id[3]_i_55/O
                         net (fo=8, routed)           1.019     6.589    u_classifier/current_slice_id[3]_i_55_n_0
    SLICE_X57Y53         LUT6 (Prop_lut6_I0_O)        0.124     6.713 f  u_classifier/current_slice_id[3]_i_38/O
                         net (fo=11, routed)          0.727     7.440    u_classifier/current_slice_id[3]_i_38_n_0
    SLICE_X57Y53         LUT4 (Prop_lut4_I1_O)        0.124     7.564 f  u_classifier/current_slice_id[3]_i_22/O
                         net (fo=4, routed)           0.820     8.384    u_classifier/current_slice_id[3]_i_22_n_0
    SLICE_X55Y54         LUT5 (Prop_lut5_I1_O)        0.124     8.508 r  u_classifier/current_slice_id[2]_i_6/O
                         net (fo=1, routed)           0.817     9.325    u_classifier/current_slice_id[2]_i_6_n_0
    SLICE_X53Y55         LUT6 (Prop_lut6_I5_O)        0.124     9.449 r  u_classifier/current_slice_id[2]_i_2/O
                         net (fo=3, routed)           0.737    10.186    u_classifier/current_slice_id[2]_i_2_n_0
    SLICE_X55Y55         LUT4 (Prop_lut4_I0_O)        0.124    10.310 r  u_classifier/m_axis_tuser[160]_i_2/O
                         net (fo=2, routed)           0.406    10.716    u_classifier/m_axis_tuser151_in
    SLICE_X53Y55         LUT6 (Prop_lut6_I1_O)        0.124    10.840 r  u_classifier/current_rss_eligible_i_1/O
                         net (fo=1, routed)           0.000    10.840    u_classifier/current_rss_eligible_i_1_n_0
    SLICE_X53Y55         FDRE                                         r  u_classifier/current_rss_eligible_reg/D
  -------------------------------------------------------------------    -------------------

                         (clock clk rise edge)       10.000    10.000 r  <hidden>
                                                      0.000    10.000 r  clk
                         net (fo=14189, unset)        0.924    10.924    u_classifier/clk
    SLICE_X53Y55         FDRE                                         r  u_classifier/current_rss_eligible_reg/C
                         clock pessimism              0.000    10.924    <hidden>
                         clock uncertainty           -0.035    10.889    <hidden>
    SLICE_X53Y55         FDRE (Setup_fdre_C_D)        0.029    10.918    u_classifier/current_rss_eligible_reg
  -------------------------------------------------------------------
                         required time                         10.918    <hidden>
                         arrival time                         -10.840    <hidden>
  -------------------------------------------------------------------
                         slack                                  0.078    <hidden>





Min Delay Paths
--------------------------------------------------------------------------------------
Slack (MET) :             0.040ns  (arrival time - required time)
  Source:                 u_rss_steer/m_axis_tdata_reg[114]/C
                            (rising edge-triggered cell FDRE clocked by clk  {rise@0.000ns fall@5.000ns period=10.000ns})
  Destination:            u_queue/mem_reg_r1_128_191_114_116/RAMA/I
                            (rising edge-triggered cell RAMD64E clocked by clk  {rise@0.000ns fall@5.000ns period=10.000ns})
  Path Group:             clk
  Path Type:              Hold (Min at Fast Process Corner)
  Requirement:            0.000ns  (clk rise@0.000ns - clk rise@0.000ns)
  Data Path Delay:        0.209ns  (logic 0.141ns (67.454%)  route 0.068ns (32.546%))
  Logic Levels:           0  
  Clock Path Skew:        0.022ns (DCD - SCD - CPR)
    Destination Clock Delay (DCD):    0.432ns
    Source Clock Delay      (SCD):    0.410ns
    Clock Pessimism Removal (CPR):    -0.000ns

    Location             Delay type                Incr(ns)  Path(ns)    Netlist Resource(s)
  -------------------------------------------------------------------    -------------------
                         (clock clk rise edge)        0.000     0.000 r  <hidden>
                                                      0.000     0.000 r  clk
                         net (fo=14189, unset)        0.410     0.410    u_rss_steer/clk
    SLICE_X55Y97         FDRE                                         r  u_rss_steer/m_axis_tdata_reg[114]/C
  -------------------------------------------------------------------    -------------------
    SLICE_X55Y97         FDRE (Prop_fdre_C_Q)         0.141     0.551 r  u_rss_steer/m_axis_tdata_reg[114]/Q
                         net (fo=8, routed)           0.068     0.619    u_queue/mem_reg_r1_128_191_114_116/DIA
    SLICE_X54Y97         RAMD64E                                      r  u_queue/mem_reg_r1_128_191_114_116/RAMA/I
  -------------------------------------------------------------------    -------------------

                         (clock clk rise edge)        0.000     0.000 r  <hidden>
                                                      0.000     0.000 r  clk
                         net (fo=14189, unset)        0.432     0.432    u_queue/mem_reg_r1_128_191_114_116/WCLK
    SLICE_X54Y97         RAMD64E                                      r  u_queue/mem_reg_r1_128_191_114_116/RAMA/CLK
                         clock pessimism              0.000     0.432    <hidden>
    SLICE_X54Y97         RAMD64E (Hold_ramd64e_CLK_I)
                                                      0.147     0.579    u_queue/mem_reg_r1_128_191_114_116/RAMA
  -------------------------------------------------------------------
                         required time                         -0.579    <hidden>
                         arrival time                           0.619    <hidden>
  -------------------------------------------------------------------
                         slack                                  0.040    <hidden>





Pulse Width Checks
--------------------------------------------------------------------------------------
Clock Name:         clk
Waveform(ns):       { 0.000 5.000 }
Period(ns):         10.000
Sources:            { clk }

Check Type        Corner  Lib Pin      Reference Pin  Required(ns)  Actual(ns)  Slack(ns)  Location       Pin
Min Period        n/a     FDRE/C       n/a            1.000         10.000      9.000      SLICE_X11Y103  u_c2h_bridge/m_axis_qdma_cpl_tdata_reg[0]/C
Low Pulse Width   Slow    RAMD64E/CLK  n/a            1.250         5.000       3.750      SLICE_X58Y117  u_queue/mem_reg_r1_0_63_0_2/RAMA/CLK
High Pulse Width  Slow    RAMD64E/CLK  n/a            1.250         5.000       3.750      SLICE_X58Y117  u_queue/mem_reg_r1_0_63_0_2/RAMA/CLK



